PING 127.0.0.1 (127.0.0.1) 56(84) bytes of data.
64 bytes from 127.0.0.1: icmp_seq=1 ttl=64 time=0.034 ms
64 bytes from 127.0.0.1: icmp_seq=2 ttl=64 time=0.021 ms
64 bytes from 127.0.0.1: icmp_seq=3 ttl=64 time=0.021 ms
64 bytes from 127.0.0.1: icmp_seq=4 ttl=64 time=0.022 ms
64 bytes from 127.0.0.1: icmp_seq=5 ttl=64 time=0.022 ms
